SQL> select * from student;

ROLL_NUM   SFNAME          SLNAME                                                                   
---------- --------------- ---------------                                                          
s001       kartavya        chauhan                                                                  
s002       raghav          thirani                                                                  
s003       mukul           devrani                                                                  


SQL> create or replace function totalstud
  2  return number is
  3  total number:=0;
  4  begin
  5  select count(*) into total from student;
  6  return total;
  7  end;
  8  /

Function created.

SQL> ed
Wrote file afiedt.buf

line 7 truncated.
  1   DECLARE
  2     	c number;
  3      BEGIN
  4     	c:=totalstud();
  5     	DBMS_OUTPUT.PUT_LINE('total no. of students are:'||c);
  6*    END;
  7  /

PL/SQL procedure successfully completed.

SQL> set serveroutput on

SQL> declare
  2   c number;
  3  begin
  4   c:=totalstud();
  5   dbms_output.put_line(' total no. of students are:'||c);
  6  end;
  7  /
total no. of students are:3                                                                         

PL/SQL procedure successfully completed.

SQL> spool off;
