SQL> select * from exam;

      EXAM_ID  DEPT_ID           SEM       YEAR       CATEGORY                                  
---------- ---------- ---------- ---------- ----------                                    
         E001  D001              4       2015       SE                                     
         E002  D001              6       2015       SE                             
         E003  D005              8       2015       MSE                              

SQL> DECLARE
  2  	cato varchar2(10);
  3  BEGIN
  4  	select category into cato from exam where exam_id='e003';
  5  	if cato='mse' then
  6  		update exam set category='SEE'
  7  		where category=cato and exam_id='e003';
  8  	end if;
  9  END;
 10  /

PL/SQL procedure successfully completed.

SQL> select * from exam;

      EXAM_ID  DEPT_ID           SEM       YEAR       CATEGORY                                  
---------- ---------- ---------- ---------- ----------                                    
         E001  D001              4       2015       SE                                     
         E002  D001              6       2015       SE                             
         E003  D005              8       2015       SEE   

                  
SQL> spool off;
