SQL> select * from movies
  2  ;

      M_ID M_NAME                 CATEGORY              STARER     RATINGS    
---------- -------------------- ----------------------------- --------------      
         1 Taken3               A             Lione Nesson       good   
         2 p.k                  U             Aamir khan         good   
         3 Intersteller         A             Michale Caine    excellent  
         4 Kick                 U             Salman khan      very good  

SQL> create view view_movies1 as
  2  select M_NAME,CATEGORY from movies;

View created.

SQL> select * from view_movies1;

M_NAME                CATEGORY                                                                          
-------------------- --------------------                                                           
 Taken3               A               
 p.k                  U            
 Intersteller         A             
 Kick                 U             

SQL> create view view_movies2 as
  2  select M_ID,M_NAME, CATEGORY from movies;

View created.

SQL> select * from view_movies2;

     M_ID M_NAME                 CATEGORY              
---------- -------------------- ----------------      
         1 Taken3               A             
         2 p.k                  U             
         3 Intersteller         A              
         4 Kick                 U                                                                                     

SQL> insert into view_movies2 values(5,'2 states','A');

1 row created.

SQL> select * from view_movies2;
   M_ID M_NAME                 CATEGORY              
---------- -------------------- ----------------      
         1 Taken3               A             
         2 p.k                  U             
         3 Intersteller         A              
         4 Kick                 U                                                                                     
         5 2 states             A                                                                

SQL>  update view_movies2 set M_NAME='takn3' where M_ID=1;

1 row updated.

SQL> select * from view_cust2;

      M_ID M_NAME                 CATEGORY              
---------- -------------------- ----------------      
         1 takn3               A             
         2 p.k                  U             
         3 Intersteller         A              
         4 Kick                 U                                                                                     
         5 2 states             A                                                                
                                                                             

SQL> update view_movies2 set M_NAME='2stats' where M_ID=5;

	M_ID M_NAME                 CATEGORY              
---------- -------------------- ----------------      
         1 takn3               A             
         2 p.k                  U             
         3 Intersteller         A              
         4 Kick                 U                                                                                     
         5 2 stats             A                                                                
                     