SQL> select * from customer_info
  2  ;

      C_ID FNAME                 LNAME              MOB_NO     STATE     CITY       STREET      ZIP 
---------- -------------------- ----------------------------- --------- --------- ------------- -----------     
         1 AAYUSHI               RAVAL              9090987654 GUJARAT   AHMEDABAD  CAPITAL     380009 
         2 RAJ                   PATEL              7896456789 GUJARAT   AHMEDABAD  AANANDNAGAR 380014  
         3 SHIVANG               SHAH               8799876543 GUJARAT   AHMEDABAD  SHANTIDAYAL 380009
         4 HIMANI                JOSHI              9978908765 GUJARAT   AHMEDABAD  MITHILAL    380006

SQL> create view view_cust1 as
  2  select fname,lname from customer_info;

View created.

SQL> select * from view_cust1;

FNAME                LNAME                                                                          
-------------------- --------------------                                                           
AAYUSHI               RAVAL                                                                        
RAJ                   PATEL                                                                        
SHIVANG               SHAH                                                                         
HIMANI                JOSHI                                                                        

SQL> create view view_cust2 as
  2  select c_id,fname from customer_info;

View created.

SQL> select * from view_cust2;

      C_ID FNAME                                                                                    
---------- --------------------                                                                     
         1 AAYUSHI                                                                                   
         2 RAJ                                                                                 
         3 SHIVANG                                                                                   
         4 HIMANI                                                                                    

SQL> insert into view_cust2 values(5,'mansi');

1 row created.

SQL> select * from view_cust2;

      C_ID FNAME                                                                                    
---------- --------------------                                                                     
         1 aayushi                                                                                   
         2 raj                                                                                 
         3 shivang                                                                                   
         4 himani                                                                                    
         5 mansi                                                                                   

SQL>  update view_cust2 set fname='aayushr' where c_id=1;

1 row updated.

SQL> select * from view_cust2;

      C_ID FNAME                                                                                    
---------- --------------------                                                                     
         1 aayushir                                                                                  
         2 raj                                                                                 
         3 shivang                                                                                   
         4 himani                                                                                    
         5 mansi                                                                                   

SQL> 